[10-May-2026 08:39:25 Europe/Berlin] PHP Warning:  Undefined variable $name in F:\xampp\htdocs\class-73\error.php on line 25
[10-May-2026 08:39:46 Europe/Berlin] PHP Warning:  Undefined variable $name in F:\xampp\htdocs\class-73\error.php on line 25
[10-May-2026 08:39:48 Europe/Berlin] PHP Warning:  Undefined variable $name in F:\xampp\htdocs\class-73\error.php on line 25
[10-May-2026 08:39:50 Europe/Berlin] PHP Warning:  Undefined variable $name in F:\xampp\htdocs\class-73\error.php on line 25
[10-May-2026 08:39:50 Europe/Berlin] PHP Warning:  Undefined variable $name in F:\xampp\htdocs\class-73\error.php on line 25
[10-May-2026 08:39:50 Europe/Berlin] PHP Warning:  Undefined variable $name in F:\xampp\htdocs\class-73\error.php on line 25
[10-May-2026 08:39:51 Europe/Berlin] PHP Warning:  Undefined variable $name in F:\xampp\htdocs\class-73\error.php on line 25
[10-May-2026 08:39:51 Europe/Berlin] PHP Warning:  Undefined variable $name in F:\xampp\htdocs\class-73\error.php on line 25
[10-May-2026 08:39:51 Europe/Berlin] PHP Warning:  Undefined variable $name in F:\xampp\htdocs\class-73\error.php on line 25
[10-May-2026 08:39:51 Europe/Berlin] PHP Warning:  Undefined variable $name in F:\xampp\htdocs\class-73\error.php on line 25
[10-May-2026 08:39:51 Europe/Berlin] PHP Warning:  Undefined variable $name in F:\xampp\htdocs\class-73\error.php on line 25
[10-May-2026 08:39:51 Europe/Berlin] PHP Warning:  Undefined variable $name in F:\xampp\htdocs\class-73\error.php on line 25
[10-May-2026 08:39:55 Europe/Berlin] PHP Warning:  Undefined variable $name in F:\xampp\htdocs\class-73\error.php on line 25
[10-May-2026 08:40:00 Europe/Berlin] PHP Warning:  Undefined variable $name in F:\xampp\htdocs\class-73\error.php on line 25
[10-May-2026 08:41:34 Europe/Berlin] PHP Warning:  Undefined variable $name in F:\xampp\htdocs\class-73\error.php on line 25
[10-May-2026 08:41:34 Europe/Berlin] PHP Fatal error:  Uncaught Error: Call to undefined function test() in F:\xampp\htdocs\class-73\error.php:26
Stack trace:
#0 {main}
  thrown in F:\xampp\htdocs\class-73\error.php on line 26
[10-May-2026 08:41:50 Europe/Berlin] PHP Warning:  Undefined variable $name in F:\xampp\htdocs\class-73\error.php on line 25
[10-May-2026 08:41:50 Europe/Berlin] PHP Fatal error:  Uncaught Error: Call to undefined function test() in F:\xampp\htdocs\class-73\error.php:26
Stack trace:
#0 {main}
  thrown in F:\xampp\htdocs\class-73\error.php on line 26
[10-May-2026 08:41:53 Europe/Berlin] PHP Warning:  Undefined variable $name in F:\xampp\htdocs\class-73\error.php on line 25
[10-May-2026 08:41:53 Europe/Berlin] PHP Fatal error:  Uncaught Error: Call to undefined function test() in F:\xampp\htdocs\class-73\error.php:26
Stack trace:
#0 {main}
  thrown in F:\xampp\htdocs\class-73\error.php on line 26
[10-May-2026 08:41:53 Europe/Berlin] PHP Warning:  Undefined variable $name in F:\xampp\htdocs\class-73\error.php on line 25
[10-May-2026 08:41:53 Europe/Berlin] PHP Fatal error:  Uncaught Error: Call to undefined function test() in F:\xampp\htdocs\class-73\error.php:26
Stack trace:
#0 {main}
  thrown in F:\xampp\htdocs\class-73\error.php on line 26
[10-May-2026 08:44:13 Europe/Berlin] PHP Warning:  Undefined variable $name in F:\xampp\htdocs\class-73\error.php on line 25
[10-May-2026 08:44:13 Europe/Berlin] PHP Fatal error:  Uncaught Error: Call to undefined function test() in F:\xampp\htdocs\class-73\error.php:26
Stack trace:
#0 {main}
  thrown in F:\xampp\htdocs\class-73\error.php on line 26
